<?xml version="1.0"?>
<link_info>
   <banner>TI ARM Linker PC v5.1.10</banner>
   <copyright>Copyright (c) 1996-2015 Texas Instruments Incorporated</copyright>
   <link_time>0x550a1404</link_time>
   <link_errors>0x0</link_errors>
   <output_file>WakeOnMotion.out</output_file>
   <entry_point>
      <name>_c_int00</name>
      <address>0x1181</address>
   </entry_point>
   <input_file_list>
      <input_file id="fl-2">
         <path>.\</path>
         <kind>object</kind>
         <file>main.obj</file>
         <name>main.obj</name>
      </input_file>
      <input_file id="fl-3">
         <path>.\</path>
         <kind>object</kind>
         <file>startup_ccs.obj</file>
         <name>startup_ccs.obj</name>
      </input_file>
      <input_file id="fl-4">
         <path>.\utils\</path>
         <kind>object</kind>
         <file>uartstdio.obj</file>
         <name>uartstdio.obj</name>
      </input_file>
      <input_file id="fl-5">
         <path>.\drivers\</path>
         <kind>object</kind>
         <file>rgb.obj</file>
         <name>rgb.obj</name>
      </input_file>
      <input_file id="fl-134">
         <path>c:\ti\ccsv6\tools\compiler\arm_5.1.10\lib\</path>
         <kind>archive</kind>
         <file>rtsv7M4_T_le_v4SPD16_eabi.lib</file>
         <name>boot.obj</name>
      </input_file>
      <input_file id="fl-135">
         <path>c:\ti\ccsv6\tools\compiler\arm_5.1.10\lib\</path>
         <kind>archive</kind>
         <file>rtsv7M4_T_le_v4SPD16_eabi.lib</file>
         <name>copy_decompress_none.obj</name>
      </input_file>
      <input_file id="fl-136">
         <path>c:\ti\ccsv6\tools\compiler\arm_5.1.10\lib\</path>
         <kind>archive</kind>
         <file>rtsv7M4_T_le_v4SPD16_eabi.lib</file>
         <name>copy_decompress_rle.obj</name>
      </input_file>
      <input_file id="fl-137">
         <path>c:\ti\ccsv6\tools\compiler\arm_5.1.10\lib\</path>
         <kind>archive</kind>
         <file>rtsv7M4_T_le_v4SPD16_eabi.lib</file>
         <name>copy_zero_init.obj</name>
      </input_file>
      <input_file id="fl-138">
         <path>c:\ti\ccsv6\tools\compiler\arm_5.1.10\lib\</path>
         <kind>archive</kind>
         <file>rtsv7M4_T_le_v4SPD16_eabi.lib</file>
         <name>exit.obj</name>
      </input_file>
      <input_file id="fl-139">
         <path>c:\ti\ccsv6\tools\compiler\arm_5.1.10\lib\</path>
         <kind>archive</kind>
         <file>rtsv7M4_T_le_v4SPD16_eabi.lib</file>
         <name>fd_div_t2.obj</name>
      </input_file>
      <input_file id="fl-13a">
         <path>c:\ti\ccsv6\tools\compiler\arm_5.1.10\lib\</path>
         <kind>archive</kind>
         <file>rtsv7M4_T_le_v4SPD16_eabi.lib</file>
         <name>fd_tos_t2.obj</name>
      </input_file>
      <input_file id="fl-13b">
         <path>c:\ti\ccsv6\tools\compiler\arm_5.1.10\lib\</path>
         <kind>archive</kind>
         <file>rtsv7M4_T_le_v4SPD16_eabi.lib</file>
         <name>fs_tod_t2.obj</name>
      </input_file>
      <input_file id="fl-13c">
         <path>c:\ti\ccsv6\tools\compiler\arm_5.1.10\lib\</path>
         <kind>archive</kind>
         <file>rtsv7M4_T_le_v4SPD16_eabi.lib</file>
         <name>fs_toull_t2.obj</name>
      </input_file>
      <input_file id="fl-13d">
         <path>c:\ti\ccsv6\tools\compiler\arm_5.1.10\lib\</path>
         <kind>archive</kind>
         <file>rtsv7M4_T_le_v4SPD16_eabi.lib</file>
         <name>memcpy_t2.obj</name>
      </input_file>
      <input_file id="fl-13e">
         <path>c:\ti\ccsv6\tools\compiler\arm_5.1.10\lib\</path>
         <kind>archive</kind>
         <file>rtsv7M4_T_le_v4SPD16_eabi.lib</file>
         <name>stkdepth_vars.obj</name>
      </input_file>
      <input_file id="fl-13f">
         <path>c:\ti\ccsv6\tools\compiler\arm_5.1.10\lib\</path>
         <kind>archive</kind>
         <file>rtsv7M4_T_le_v4SPD16_eabi.lib</file>
         <name>u_divt2.obj</name>
      </input_file>
      <input_file id="fl-140">
         <path>c:\ti\ccsv6\tools\compiler\arm_5.1.10\lib\</path>
         <kind>archive</kind>
         <file>rtsv7M4_T_le_v4SPD16_eabi.lib</file>
         <name>_lock.obj</name>
      </input_file>
      <input_file id="fl-141">
         <path>c:\ti\ccsv6\tools\compiler\arm_5.1.10\lib\</path>
         <kind>archive</kind>
         <file>rtsv7M4_T_le_v4SPD16_eabi.lib</file>
         <name>args_main.obj</name>
      </input_file>
      <input_file id="fl-142">
         <path>c:\ti\ccsv6\tools\compiler\arm_5.1.10\lib\</path>
         <kind>archive</kind>
         <file>rtsv7M4_T_le_v4SPD16_eabi.lib</file>
         <name>auto_init.obj</name>
      </input_file>
      <input_file id="fl-143">
         <path>c:\ti\ccsv6\tools\compiler\arm_5.1.10\lib\</path>
         <kind>archive</kind>
         <file>rtsv7M4_T_le_v4SPD16_eabi.lib</file>
         <name>cpy_tbl.obj</name>
      </input_file>
      <input_file id="fl-144">
         <path>C:\ti\TivaWare_C_Series-2.0.1.11577\examples\boards\ek-tm4c123gxl-boostxl-senshub\compdcm_mpu9150\ccs\..\..\..\..\..\driverlib\ccs\Debug\</path>
         <kind>archive</kind>
         <file>driverlib.lib</file>
         <name>sysctl.obj</name>
      </input_file>
      <input_file id="fl-145">
         <path>C:\ti\TivaWare_C_Series-2.0.1.11577\examples\boards\ek-tm4c123gxl-boostxl-senshub\compdcm_mpu9150\ccs\..\..\..\..\..\driverlib\ccs\Debug\</path>
         <kind>archive</kind>
         <file>driverlib.lib</file>
         <name>interrupt.obj</name>
      </input_file>
      <input_file id="fl-146">
         <path>C:\ti\TivaWare_C_Series-2.0.1.11577\examples\boards\ek-tm4c123gxl-boostxl-senshub\compdcm_mpu9150\ccs\..\..\..\..\..\driverlib\ccs\Debug\</path>
         <kind>archive</kind>
         <file>driverlib.lib</file>
         <name>gpio.obj</name>
      </input_file>
      <input_file id="fl-147">
         <path>C:\ti\TivaWare_C_Series-2.0.1.11577\examples\boards\ek-tm4c123gxl-boostxl-senshub\compdcm_mpu9150\ccs\..\..\..\..\..\driverlib\ccs\Debug\</path>
         <kind>archive</kind>
         <file>driverlib.lib</file>
         <name>cpu.obj</name>
      </input_file>
      <input_file id="fl-148">
         <path>C:\ti\TivaWare_C_Series-2.0.1.11577\examples\boards\ek-tm4c123gxl-boostxl-senshub\compdcm_mpu9150\ccs\..\..\..\..\..\sensorlib\ccs\Debug\</path>
         <kind>archive</kind>
         <file>sensorlib.lib</file>
         <name>mpu9150.obj</name>
      </input_file>
      <input_file id="fl-149">
         <path>C:\ti\TivaWare_C_Series-2.0.1.11577\examples\boards\ek-tm4c123gxl-boostxl-senshub\compdcm_mpu9150\ccs\..\..\..\..\..\sensorlib\ccs\Debug\</path>
         <kind>archive</kind>
         <file>sensorlib.lib</file>
         <name>i2cm_drv.obj</name>
      </input_file>
      <input_file id="fl-14a">
         <path>c:\ti\ccsv6\tools\compiler\arm_5.1.10\lib\</path>
         <kind>archive</kind>
         <file>rtsv7M4_T_le_v4SPD16_eabi.lib</file>
         <name>fd_mul_t2.obj</name>
      </input_file>
      <input_file id="fl-14b">
         <path>C:\ti\TivaWare_C_Series-2.0.1.11577\examples\boards\ek-tm4c123gxl-boostxl-senshub\compdcm_mpu9150\ccs\..\..\..\..\..\driverlib\ccs\Debug\</path>
         <kind>archive</kind>
         <file>driverlib.lib</file>
         <name>i2c.obj</name>
      </input_file>
   </input_file_list>
   <object_component_list>
      <object_component id="oc-e">
         <name>.intvecs</name>
         <load_address>0x0</load_address>
         <run_address>0x0</run_address>
         <size>0x26c</size>
         <input_file_ref idref="fl-3"/>
      </object_component>
      <object_component id="oc-fd">
         <name>.text:MPU9150Callback</name>
         <load_address>0x26c</load_address>
         <run_address>0x26c</run_address>
         <size>0x180</size>
         <input_file_ref idref="fl-148"/>
      </object_component>
      <object_component id="oc-24f">
         <name>.text</name>
         <load_address>0x3ec</load_address>
         <run_address>0x3ec</run_address>
         <size>0x136</size>
         <input_file_ref idref="fl-139"/>
      </object_component>
      <object_component id="oc-278">
         <name>.text:GPIOPadConfigSet</name>
         <load_address>0x522</load_address>
         <run_address>0x522</run_address>
         <size>0x130</size>
         <input_file_ref idref="fl-146"/>
      </object_component>
      <object_component id="oc-35">
         <name>.text:FaultISR</name>
         <load_address>0x652</load_address>
         <run_address>0x652</run_address>
         <size>0x2</size>
         <input_file_ref idref="fl-3"/>
      </object_component>
      <object_component id="oc-aa">
         <name>.text:I2CMIntHandler</name>
         <load_address>0x654</load_address>
         <run_address>0x654</run_address>
         <size>0xf2</size>
         <input_file_ref idref="fl-149"/>
      </object_component>
      <object_component id="oc-3b">
         <name>.text:IntDefaultHandler</name>
         <load_address>0x746</load_address>
         <run_address>0x746</run_address>
         <size>0x2</size>
         <input_file_ref idref="fl-3"/>
      </object_component>
      <object_component id="oc-18d">
         <name>.text:SetMotionInterruptAt</name>
         <load_address>0x748</load_address>
         <run_address>0x748</run_address>
         <size>0xec</size>
         <input_file_ref idref="fl-2"/>
      </object_component>
      <object_component id="oc-259">
         <name>.text:MPU9150Write</name>
         <load_address>0x834</load_address>
         <run_address>0x834</run_address>
         <size>0xa0</size>
         <input_file_ref idref="fl-148"/>
      </object_component>
      <object_component id="oc-65">
         <name>.text</name>
         <load_address>0x8d4</load_address>
         <run_address>0x8d4</run_address>
         <size>0x9c</size>
         <input_file_ref idref="fl-13d"/>
      </object_component>
      <object_component id="oc-15e">
         <name>.text:I2CMStateIdle</name>
         <load_address>0x970</load_address>
         <run_address>0x970</run_address>
         <size>0x98</size>
         <input_file_ref idref="fl-149"/>
      </object_component>
      <object_component id="oc-50">
         <name>.text</name>
         <load_address>0xa08</load_address>
         <run_address>0xa08</run_address>
         <size>0x94</size>
         <input_file_ref idref="fl-142"/>
      </object_component>
      <object_component id="oc-f7">
         <name>.text:I2CMCommand</name>
         <load_address>0xa9c</load_address>
         <run_address>0xa9c</run_address>
         <size>0x84</size>
         <input_file_ref idref="fl-149"/>
      </object_component>
      <object_component id="oc-292">
         <name>.text:I2CMReadModifyWrite8</name>
         <load_address>0xb20</load_address>
         <run_address>0xb20</run_address>
         <size>0x70</size>
         <input_file_ref idref="fl-149"/>
      </object_component>
      <object_component id="oc-231">
         <name>.text:MPU9150Init</name>
         <load_address>0xb90</load_address>
         <run_address>0xb90</run_address>
         <size>0x6c</size>
         <input_file_ref idref="fl-148"/>
      </object_component>
      <object_component id="oc-1ab">
         <name>.text:IntIsEnabled</name>
         <load_address>0xbfc</load_address>
         <run_address>0xbfc</run_address>
         <size>0x64</size>
         <input_file_ref idref="fl-145"/>
      </object_component>
      <object_component id="oc-c7">
         <name>.text:main</name>
         <load_address>0xc60</load_address>
         <run_address>0xc60</run_address>
         <size>0x64</size>
         <input_file_ref idref="fl-2"/>
      </object_component>
      <object_component id="oc-2ac">
         <name>.text:I2CMReadModifyWrite8Callback</name>
         <load_address>0xcc4</load_address>
         <run_address>0xcc4</run_address>
         <size>0x60</size>
         <input_file_ref idref="fl-149"/>
      </object_component>
      <object_component id="oc-1b1">
         <name>.text:IntDisable</name>
         <load_address>0xd24</load_address>
         <run_address>0xd24</run_address>
         <size>0x60</size>
         <input_file_ref idref="fl-145"/>
      </object_component>
      <object_component id="oc-1bd">
         <name>.text:IntEnable</name>
         <load_address>0xd84</load_address>
         <run_address>0xd84</run_address>
         <size>0x60</size>
         <input_file_ref idref="fl-145"/>
      </object_component>
      <object_component id="oc-95">
         <name>.text:MPU9150DataRead</name>
         <load_address>0xde4</load_address>
         <run_address>0xde4</run_address>
         <size>0x60</size>
         <input_file_ref idref="fl-148"/>
      </object_component>
      <object_component id="oc-14c">
         <name>.text:I2CMStateWritePause</name>
         <load_address>0xe44</load_address>
         <run_address>0xe44</run_address>
         <size>0x5e</size>
         <input_file_ref idref="fl-149"/>
      </object_component>
      <object_component id="oc-78">
         <name>.text</name>
         <load_address>0xea2</load_address>
         <run_address>0xea2</run_address>
         <size>0x5e</size>
         <input_file_ref idref="fl-136"/>
      </object_component>
      <object_component id="oc-16f">
         <name>.text:ConfigureI2C</name>
         <load_address>0xf00</load_address>
         <run_address>0xf00</run_address>
         <size>0x58</size>
         <input_file_ref idref="fl-2"/>
      </object_component>
      <object_component id="oc-29d">
         <name>.text:I2CMWrite8</name>
         <load_address>0xf58</load_address>
         <run_address>0xf58</run_address>
         <size>0x58</size>
         <input_file_ref idref="fl-149"/>
      </object_component>
      <object_component id="oc-187">
         <name>.text:InitializeMPU9150</name>
         <load_address>0xfb0</load_address>
         <run_address>0xfb0</run_address>
         <size>0x54</size>
         <input_file_ref idref="fl-2"/>
      </object_component>
      <object_component id="oc-23d">
         <name>.text:MPU9150ReadModifyWrite</name>
         <load_address>0x1004</load_address>
         <run_address>0x1004</run_address>
         <size>0x54</size>
         <input_file_ref idref="fl-148"/>
      </object_component>
      <object_component id="oc-152">
         <name>.text:I2CMStateWriteFinal</name>
         <load_address>0x1058</load_address>
         <run_address>0x1058</run_address>
         <size>0x4e</size>
         <input_file_ref idref="fl-149"/>
      </object_component>
      <object_component id="oc-254">
         <name>.text</name>
         <load_address>0x10a6</load_address>
         <run_address>0x10a6</run_address>
         <size>0x4a</size>
         <input_file_ref idref="fl-13a"/>
      </object_component>
      <object_component id="oc-13a">
         <name>.text:I2CMStateReadNext</name>
         <load_address>0x10f0</load_address>
         <run_address>0x10f0</run_address>
         <size>0x48</size>
         <input_file_ref idref="fl-149"/>
      </object_component>
      <object_component id="oc-224">
         <name>.text:I2CMasterInitExpClk</name>
         <load_address>0x1138</load_address>
         <run_address>0x1138</run_address>
         <size>0x48</size>
         <input_file_ref idref="fl-14b"/>
      </object_component>
      <object_component id="oc-11">
         <name>.text</name>
         <load_address>0x1180</load_address>
         <run_address>0x1180</run_address>
         <size>0x48</size>
         <input_file_ref idref="fl-134"/>
      </object_component>
      <object_component id="oc-158">
         <name>.text:I2CMStateWriteNext</name>
         <load_address>0x11c8</load_address>
         <run_address>0x11c8</run_address>
         <size>0x46</size>
         <input_file_ref idref="fl-149"/>
      </object_component>
      <object_component id="oc-122">
         <name>.text:I2CMStateCallback</name>
         <load_address>0x120e</load_address>
         <run_address>0x120e</run_address>
         <size>0x44</size>
         <input_file_ref idref="fl-149"/>
      </object_component>
      <object_component id="oc-289">
         <name>.text:MPU9150AppErrorHandler</name>
         <load_address>0x1252</load_address>
         <run_address>0x1252</run_address>
         <size>0x2</size>
         <input_file_ref idref="fl-2"/>
      </object_component>
      <object_component id="oc-c0">
         <name>.text</name>
         <load_address>0x1254</load_address>
         <run_address>0x1254</run_address>
         <size>0x44</size>
         <input_file_ref idref="fl-143"/>
      </object_component>
      <object_component id="oc-5b">
         <name>.text</name>
         <load_address>0x1298</load_address>
         <run_address>0x1298</run_address>
         <size>0x44</size>
         <input_file_ref idref="fl-138"/>
      </object_component>
      <object_component id="oc-134">
         <name>.text:I2CMStateReadFinal</name>
         <load_address>0x12dc</load_address>
         <run_address>0x12dc</run_address>
         <size>0x3e</size>
         <input_file_ref idref="fl-149"/>
      </object_component>
      <object_component id="oc-12e">
         <name>.text:I2CMStateReadPause</name>
         <load_address>0x131a</load_address>
         <run_address>0x131a</run_address>
         <size>0x3e</size>
         <input_file_ref idref="fl-149"/>
      </object_component>
      <object_component id="oc-175">
         <name>.text:ConfigureMPU9150Interrupt</name>
         <load_address>0x1358</load_address>
         <run_address>0x1358</run_address>
         <size>0x3c</size>
         <input_file_ref idref="fl-2"/>
      </object_component>
      <object_component id="oc-2b3">
         <name>.text:I2CMWrite8Callback</name>
         <load_address>0x1394</load_address>
         <run_address>0x1394</run_address>
         <size>0x38</size>
         <input_file_ref idref="fl-149"/>
      </object_component>
      <object_component id="oc-17b">
         <name>.text:SetUpPeripheralsInterrupts</name>
         <load_address>0x13cc</load_address>
         <run_address>0x13cc</run_address>
         <size>0x38</size>
         <input_file_ref idref="fl-2"/>
      </object_component>
      <object_component id="oc-24a">
         <name>.text</name>
         <load_address>0x1404</load_address>
         <run_address>0x1404</run_address>
         <size>0x38</size>
         <input_file_ref idref="fl-13b"/>
      </object_component>
      <object_component id="oc-181">
         <name>.text:I2CMInit</name>
         <load_address>0x143c</load_address>
         <run_address>0x143c</run_address>
         <size>0x34</size>
         <input_file_ref idref="fl-149"/>
      </object_component>
      <object_component id="oc-41">
         <name>.text:IntGPIOb</name>
         <load_address>0x1470</load_address>
         <run_address>0x1470</run_address>
         <size>0x34</size>
         <input_file_ref idref="fl-2"/>
      </object_component>
      <object_component id="oc-2bb">
         <name>.text:I2CMTransferResume</name>
         <load_address>0x14a4</load_address>
         <run_address>0x14a4</run_address>
         <size>0x30</size>
         <input_file_ref idref="fl-149"/>
      </object_component>
      <object_component id="oc-244">
         <name>.text:Mpu9150ModifyRegister</name>
         <load_address>0x14d4</load_address>
         <run_address>0x14d4</run_address>
         <size>0x2c</size>
         <input_file_ref idref="fl-2"/>
      </object_component>
      <object_component id="oc-272">
         <name>.text:GPIODirModeSet</name>
         <load_address>0x1500</load_address>
         <run_address>0x1500</run_address>
         <size>0x2a</size>
         <input_file_ref idref="fl-146"/>
      </object_component>
      <object_component id="oc-140">
         <name>.text:I2CMStateReadFirst</name>
         <load_address>0x152a</load_address>
         <run_address>0x152a</run_address>
         <size>0x2a</size>
         <input_file_ref idref="fl-149"/>
      </object_component>
      <object_component id="oc-237">
         <name>.text:MPU9150AppI2CWait</name>
         <load_address>0x1554</load_address>
         <run_address>0x1554</run_address>
         <size>0x28</size>
         <input_file_ref idref="fl-2"/>
      </object_component>
      <object_component id="oc-146">
         <name>.text:I2CMStateReadOne</name>
         <load_address>0x157c</load_address>
         <run_address>0x157c</run_address>
         <size>0x20</size>
         <input_file_ref idref="fl-149"/>
      </object_component>
      <object_component id="oc-128">
         <name>.text:I2CMStateReadWait</name>
         <load_address>0x159c</load_address>
         <run_address>0x159c</run_address>
         <size>0x18</size>
         <input_file_ref idref="fl-149"/>
      </object_component>
      <object_component id="oc-9e">
         <name>.text:MPU9150AppCallback</name>
         <load_address>0x15b4</load_address>
         <run_address>0x15b4</run_address>
         <size>0x18</size>
         <input_file_ref idref="fl-2"/>
      </object_component>
      <object_component id="oc-55">
         <name>.text</name>
         <load_address>0x15cc</load_address>
         <run_address>0x15cc</run_address>
         <size>0x18</size>
         <input_file_ref idref="fl-141"/>
      </object_component>
      <object_component id="oc-19b">
         <name>.text</name>
         <load_address>0x15e4</load_address>
         <run_address>0x15e4</run_address>
         <size>0x14</size>
         <input_file_ref idref="fl-140"/>
      </object_component>
      <object_component id="oc-215">
         <name>.text:GPIOPinTypeI2CSCL</name>
         <load_address>0x15f8</load_address>
         <run_address>0x15f8</run_address>
         <size>0x12</size>
         <input_file_ref idref="fl-146"/>
      </object_component>
      <object_component id="oc-1c">
         <name>.text:decompress:ZI</name>
         <load_address>0x160a</load_address>
         <run_address>0x160a</run_address>
         <size>0x12</size>
         <input_file_ref idref="fl-137"/>
      </object_component>
      <object_component id="oc-89">
         <name>.text:GPIOIntStatus</name>
         <load_address>0x161c</load_address>
         <run_address>0x161c</run_address>
         <size>0xe</size>
         <input_file_ref idref="fl-146"/>
      </object_component>
      <object_component id="oc-16">
         <name>.text:decompress:none</name>
         <load_address>0x162a</load_address>
         <run_address>0x162a</run_address>
         <size>0xe</size>
         <input_file_ref idref="fl-135"/>
      </object_component>
      <object_component id="oc-21c">
         <name>.text:GPIOIntEnable</name>
         <load_address>0x1638</load_address>
         <run_address>0x1638</run_address>
         <size>0xc</size>
         <input_file_ref idref="fl-146"/>
      </object_component>
      <object_component id="oc-1b7">
         <name>.text:IntTrigger</name>
         <load_address>0x1644</load_address>
         <run_address>0x1644</run_address>
         <size>0xc</size>
         <input_file_ref idref="fl-145"/>
      </object_component>
      <object_component id="oc-47">
         <name>.text:MPU9150I2CIntHandler</name>
         <load_address>0x1650</load_address>
         <run_address>0x1650</run_address>
         <size>0xc</size>
         <input_file_ref idref="fl-2"/>
      </object_component>
      <object_component id="oc-280">
         <name>.text:I2CMasterEnable</name>
         <load_address>0x165c</load_address>
         <run_address>0x165c</run_address>
         <size>0xa</size>
         <input_file_ref idref="fl-14b"/>
      </object_component>
      <object_component id="oc-116">
         <name>.text:I2CMasterIntClear</name>
         <load_address>0x1666</load_address>
         <run_address>0x1666</run_address>
         <size>0x8</size>
         <input_file_ref idref="fl-14b"/>
      </object_component>
      <object_component id="oc-22a">
         <name>.text:I2CMasterIntEnableEx</name>
         <load_address>0x166e</load_address>
         <run_address>0x166e</run_address>
         <size>0x8</size>
         <input_file_ref idref="fl-14b"/>
      </object_component>
      <object_component id="oc-1f0">
         <name>.text:I2CMasterSlaveAddrSet</name>
         <load_address>0x1676</load_address>
         <run_address>0x1676</run_address>
         <size>0x8</size>
         <input_file_ref idref="fl-14b"/>
      </object_component>
      <object_component id="oc-8f">
         <name>.text:GPIOIntClear</name>
         <load_address>0x167e</load_address>
         <run_address>0x167e</run_address>
         <size>0x6</size>
         <input_file_ref idref="fl-146"/>
      </object_component>
      <object_component id="oc-29">
         <name>.text:ResetISR</name>
         <load_address>0x1684</load_address>
         <run_address>0x1684</run_address>
         <size>0x6</size>
         <input_file_ref idref="fl-3"/>
      </object_component>
      <object_component id="oc-22">
         <name>.text:decompress:rle24</name>
         <load_address>0x168a</load_address>
         <run_address>0x168a</run_address>
         <size>0x6</size>
         <input_file_ref idref="fl-136"/>
      </object_component>
      <object_component id="oc-11c">
         <name>.text:I2CMasterControl</name>
         <load_address>0x1690</load_address>
         <run_address>0x1690</run_address>
         <size>0x4</size>
         <input_file_ref idref="fl-14b"/>
      </object_component>
      <object_component id="oc-1e6">
         <name>.text:I2CMasterDataGet</name>
         <load_address>0x1694</load_address>
         <run_address>0x1694</run_address>
         <size>0x4</size>
         <input_file_ref idref="fl-14b"/>
      </object_component>
      <object_component id="oc-1f8">
         <name>.text:I2CMasterDataPut</name>
         <load_address>0x1698</load_address>
         <run_address>0x1698</run_address>
         <size>0x4</size>
         <input_file_ref idref="fl-14b"/>
      </object_component>
      <object_component id="oc-2f">
         <name>.text:NmiSR</name>
         <load_address>0x169c</load_address>
         <run_address>0x169c</run_address>
         <size>0x2</size>
         <input_file_ref idref="fl-3"/>
      </object_component>
      <object_component id="oc-265">
         <name>.const</name>
         <load_address>0x16a0</load_address>
         <run_address>0x16a0</run_address>
         <size>0x70</size>
         <input_file_ref idref="fl-145"/>
      </object_component>
      <object_component id="oc-2e1">
         <name>.cinit..data.load</name>
         <load_address>0x1710</load_address>
         <run_address>0x1710</run_address>
         <size>0xf</size>
      </object_component>
      <object_component id="oc-2df">
         <name>__TI_handler_table</name>
         <load_address>0x1720</load_address>
         <run_address>0x1720</run_address>
         <size>0xc</size>
      </object_component>
      <object_component id="oc-2e2">
         <name>.cinit..bss.load</name>
         <load_address>0x1730</load_address>
         <run_address>0x1730</run_address>
         <size>0x8</size>
      </object_component>
      <object_component id="oc-2e0">
         <name>__TI_cinit_table</name>
         <load_address>0x1738</load_address>
         <run_address>0x1738</run_address>
         <size>0x10</size>
      </object_component>
      <object_component id="oc-61">
         <name>.data</name>
         <load_address>0x200005a8</load_address>
         <run_address>0x200005a8</run_address>
         <size>0x4</size>
         <input_file_ref idref="fl-13e"/>
      </object_component>
      <object_component id="oc-cf">
         <name>.data</name>
         <load_address>0x20000598</load_address>
         <run_address>0x20000598</run_address>
         <size>0x8</size>
         <input_file_ref idref="fl-140"/>
      </object_component>
      <object_component id="oc-d2">
         <name>.data</name>
         <load_address>0x200005a0</load_address>
         <run_address>0x200005a0</run_address>
         <size>0x8</size>
         <input_file_ref idref="fl-138"/>
      </object_component>
      <object_component id="oc-9b">
         <name>.bss:g_sMPU9150Inst</name>
         <uninitialized>true</uninitialized>
         <run_address>0x20000524</run_address>
         <size>0x6c</size>
         <input_file_ref idref="fl-2"/>
      </object_component>
      <object_component id="oc-b0">
         <name>.bss:g_sI2CInst</name>
         <uninitialized>true</uninitialized>
         <run_address>0x20000400</run_address>
         <size>0x124</size>
         <input_file_ref idref="fl-2"/>
      </object_component>
      <object_component id="oc-290">
         <name>.common:g_vui8I2CDoneFlag</name>
         <uninitialized>true</uninitialized>
         <run_address>0x20000594</run_address>
         <size>0x4</size>
      </object_component>
      <object_component id="oc-28f">
         <name>.common:g_vui8ErrorFlag</name>
         <uninitialized>true</uninitialized>
         <run_address>0x20000590</run_address>
         <size>0x4</size>
      </object_component>
      <object_component id="oc-28">
         <name>.stack</name>
         <uninitialized>true</uninitialized>
         <run_address>0x20000000</run_address>
         <size>0x0</size>
         <input_file_ref idref="fl-134"/>
      </object_component>
      <object_component id="oc-2e3">
         <name>.stack</name>
         <uninitialized>true</uninitialized>
         <run_address>0x20000000</run_address>
         <size>0x0</size>
      </object_component>
      <object_component id="oc-f">
         <name>.debug_info</name>
         <load_address>0x0</load_address>
         <run_address>0x0</run_address>
         <size>0xe8</size>
         <input_file_ref idref="fl-3"/>
      </object_component>
      <object_component id="oc-14">
         <name>.debug_info</name>
         <load_address>0xe8</load_address>
         <run_address>0xe8</run_address>
         <size>0xf2</size>
         <input_file_ref idref="fl-134"/>
      </object_component>
      <object_component id="oc-19">
         <name>.debug_info</name>
         <load_address>0x1da</load_address>
         <run_address>0x1da</run_address>
         <size>0x180</size>
         <input_file_ref idref="fl-135"/>
      </object_component>
      <object_component id="oc-1e">
         <name>.debug_info</name>
         <load_address>0x35a</load_address>
         <run_address>0x35a</run_address>
         <size>0x16b</size>
         <input_file_ref idref="fl-137"/>
      </object_component>
      <object_component id="oc-23">
         <name>.debug_info</name>
         <load_address>0x4c5</load_address>
         <run_address>0x4c5</run_address>
         <size>0x167</size>
         <input_file_ref idref="fl-136"/>
      </object_component>
      <object_component id="oc-2a">
         <name>.debug_info</name>
         <load_address>0x62c</load_address>
         <run_address>0x62c</run_address>
         <size>0x118</size>
         <input_file_ref idref="fl-3"/>
      </object_component>
      <object_component id="oc-32">
         <name>.debug_info</name>
         <load_address>0x744</load_address>
         <run_address>0x744</run_address>
         <size>0x109</size>
         <input_file_ref idref="fl-3"/>
      </object_component>
      <object_component id="oc-38">
         <name>.debug_info</name>
         <load_address>0x84d</load_address>
         <run_address>0x84d</run_address>
         <size>0x10f</size>
         <input_file_ref idref="fl-3"/>
      </object_component>
      <object_component id="oc-3d">
         <name>.debug_info</name>
         <load_address>0x95c</load_address>
         <run_address>0x95c</run_address>
         <size>0x121</size>
         <input_file_ref idref="fl-3"/>
      </object_component>
      <object_component id="oc-43">
         <name>.debug_info</name>
         <load_address>0xa7d</load_address>
         <run_address>0xa7d</run_address>
         <size>0x153</size>
         <input_file_ref idref="fl-2"/>
      </object_component>
      <object_component id="oc-49">
         <name>.debug_info</name>
         <load_address>0xbd0</load_address>
         <run_address>0xbd0</run_address>
         <size>0x125</size>
         <input_file_ref idref="fl-2"/>
      </object_component>
      <object_component id="oc-4f">
         <name>.debug_info</name>
         <load_address>0xcf5</load_address>
         <run_address>0xcf5</run_address>
         <size>0x14b</size>
         <input_file_ref idref="fl-3"/>
      </object_component>
      <object_component id="oc-51">
         <name>.debug_info</name>
         <load_address>0xe40</load_address>
         <run_address>0xe40</run_address>
         <size>0x13a</size>
         <input_file_ref idref="fl-142"/>
      </object_component>
      <object_component id="oc-56">
         <name>.debug_info</name>
         <load_address>0xf7a</load_address>
         <run_address>0xf7a</run_address>
         <size>0x11d</size>
         <input_file_ref idref="fl-141"/>
      </object_component>
      <object_component id="oc-5d">
         <name>.debug_info</name>
         <load_address>0x1097</load_address>
         <run_address>0x1097</run_address>
         <size>0x1ae</size>
         <input_file_ref idref="fl-138"/>
      </object_component>
      <object_component id="oc-62">
         <name>.debug_info</name>
         <load_address>0x1245</load_address>
         <run_address>0x1245</run_address>
         <size>0xbf</size>
         <input_file_ref idref="fl-13e"/>
      </object_component>
      <object_component id="oc-68">
         <name>.debug_info</name>
         <load_address>0x1304</load_address>
         <run_address>0x1304</run_address>
         <size>0xcb</size>
         <input_file_ref idref="fl-13d"/>
      </object_component>
      <object_component id="oc-6b">
         <name>.debug_info</name>
         <load_address>0x13cf</load_address>
         <run_address>0x13cf</run_address>
         <size>0x46</size>
         <input_file_ref idref="fl-135"/>
      </object_component>
      <object_component id="oc-70">
         <name>.debug_info</name>
         <load_address>0x1415</load_address>
         <run_address>0x1415</run_address>
         <size>0xee</size>
         <input_file_ref idref="fl-135"/>
      </object_component>
      <object_component id="oc-72">
         <name>.debug_info</name>
         <load_address>0x1503</load_address>
         <run_address>0x1503</run_address>
         <size>0x46</size>
         <input_file_ref idref="fl-137"/>
      </object_component>
      <object_component id="oc-77">
         <name>.debug_info</name>
         <load_address>0x1549</load_address>
         <run_address>0x1549</run_address>
         <size>0xae</size>
         <input_file_ref idref="fl-137"/>
      </object_component>
      <object_component id="oc-79">
         <name>.debug_info</name>
         <load_address>0x15f7</load_address>
         <run_address>0x15f7</run_address>
         <size>0x1f0</size>
         <input_file_ref idref="fl-136"/>
      </object_component>
      <object_component id="oc-7f">
         <name>.debug_info</name>
         <load_address>0x17e7</load_address>
         <run_address>0x17e7</run_address>
         <size>0xb8</size>
         <input_file_ref idref="fl-136"/>
      </object_component>
      <object_component id="oc-80">
         <name>.debug_info</name>
         <load_address>0x189f</load_address>
         <run_address>0x189f</run_address>
         <size>0x39</size>
         <input_file_ref idref="fl-136"/>
      </object_component>
      <object_component id="oc-8a">
         <name>.debug_info</name>
         <load_address>0x18d8</load_address>
         <run_address>0x18d8</run_address>
         <size>0x1e3</size>
         <input_file_ref idref="fl-146"/>
      </object_component>
      <object_component id="oc-90">
         <name>.debug_info</name>
         <load_address>0x1abb</load_address>
         <run_address>0x1abb</run_address>
         <size>0x1f1</size>
         <input_file_ref idref="fl-146"/>
      </object_component>
      <object_component id="oc-96">
         <name>.debug_info</name>
         <load_address>0x1cac</load_address>
         <run_address>0x1cac</run_address>
         <size>0x254</size>
         <input_file_ref idref="fl-148"/>
      </object_component>
      <object_component id="oc-9c">
         <name>.debug_info</name>
         <load_address>0x1f00</load_address>
         <run_address>0x1f00</run_address>
         <size>0xdf</size>
         <input_file_ref idref="fl-2"/>
      </object_component>
      <object_component id="oc-9f">
         <name>.debug_info</name>
         <load_address>0x1fdf</load_address>
         <run_address>0x1fdf</run_address>
         <size>0x16c</size>
         <input_file_ref idref="fl-2"/>
      </object_component>
      <object_component id="oc-a5">
         <name>.debug_info</name>
         <load_address>0x214b</load_address>
         <run_address>0x214b</run_address>
         <size>0x8b</size>
         <input_file_ref idref="fl-2"/>
      </object_component>
      <object_component id="oc-ad">
         <name>.debug_info</name>
         <load_address>0x21d6</load_address>
         <run_address>0x21d6</run_address>
         <size>0x418</size>
         <input_file_ref idref="fl-149"/>
      </object_component>
      <object_component id="oc-b1">
         <name>.debug_info</name>
         <load_address>0x25ee</load_address>
         <run_address>0x25ee</run_address>
         <size>0xd7</size>
         <input_file_ref idref="fl-2"/>
      </object_component>
      <object_component id="oc-b6">
         <name>.debug_info</name>
         <load_address>0x26c5</load_address>
         <run_address>0x26c5</run_address>
         <size>0x84</size>
         <input_file_ref idref="fl-3"/>
      </object_component>
      <object_component id="oc-bb">
         <name>.debug_info</name>
         <load_address>0x2749</load_address>
         <run_address>0x2749</run_address>
         <size>0x18b</size>
         <input_file_ref idref="fl-2"/>
      </object_component>
      <object_component id="oc-c3">
         <name>.debug_info</name>
         <load_address>0x28d4</load_address>
         <run_address>0x28d4</run_address>
         <size>0x14c</size>
         <input_file_ref idref="fl-143"/>
      </object_component>
      <object_component id="oc-c9">
         <name>.debug_info</name>
         <load_address>0x2a20</load_address>
         <run_address>0x2a20</run_address>
         <size>0x19f</size>
         <input_file_ref idref="fl-2"/>
      </object_component>
      <object_component id="oc-ce">
         <name>.debug_info</name>
         <load_address>0x2bbf</load_address>
         <run_address>0x2bbf</run_address>
         <size>0x11c</size>
         <input_file_ref idref="fl-141"/>
      </object_component>
      <object_component id="oc-d0">
         <name>.debug_info</name>
         <load_address>0x2cdb</load_address>
         <run_address>0x2cdb</run_address>
         <size>0xc9</size>
         <input_file_ref idref="fl-140"/>
      </object_component>
      <object_component id="oc-d3">
         <name>.debug_info</name>
         <load_address>0x2da4</load_address>
         <run_address>0x2da4</run_address>
         <size>0xec</size>
         <input_file_ref idref="fl-138"/>
      </object_component>
      <object_component id="oc-d9">
         <name>.debug_info</name>
         <load_address>0x2e90</load_address>
         <run_address>0x2e90</run_address>
         <size>0x2c</size>
         <input_file_ref idref="fl-135"/>
      </object_component>
      <object_component id="oc-e0">
         <name>.debug_info</name>
         <load_address>0x2ebc</load_address>
         <run_address>0x2ebc</run_address>
         <size>0x2c</size>
         <input_file_ref idref="fl-137"/>
      </object_component>
      <object_component id="oc-eb">
         <name>.debug_info</name>
         <load_address>0x2ee8</load_address>
         <run_address>0x2ee8</run_address>
         <size>0x18b</size>
         <input_file_ref idref="fl-144"/>
      </object_component>
      <object_component id="oc-f0">
         <name>.debug_info</name>
         <load_address>0x3073</load_address>
         <run_address>0x3073</run_address>
         <size>0x90</size>
         <input_file_ref idref="fl-144"/>
      </object_component>
      <object_component id="oc-f5">
         <name>.debug_info</name>
         <load_address>0x3103</load_address>
         <run_address>0x3103</run_address>
         <size>0x1d7</size>
         <input_file_ref idref="fl-146"/>
      </object_component>
      <object_component id="oc-f9">
         <name>.debug_info</name>
         <load_address>0x32da</load_address>
         <run_address>0x32da</run_address>
         <size>0x3e8</size>
         <input_file_ref idref="fl-149"/>
      </object_component>
      <object_component id="oc-fe">
         <name>.debug_info</name>
         <load_address>0x36c2</load_address>
         <run_address>0x36c2</run_address>
         <size>0x224</size>
         <input_file_ref idref="fl-148"/>
      </object_component>
      <object_component id="oc-104">
         <name>.debug_info</name>
         <load_address>0x38e6</load_address>
         <run_address>0x38e6</run_address>
         <size>0x18b</size>
         <input_file_ref idref="fl-148"/>
      </object_component>
      <object_component id="oc-109">
         <name>.debug_info</name>
         <load_address>0x3a71</load_address>
         <run_address>0x3a71</run_address>
         <size>0x348</size>
         <input_file_ref idref="fl-148"/>
      </object_component>
      <object_component id="oc-10c">
         <name>.debug_info</name>
         <load_address>0x3db9</load_address>
         <run_address>0x3db9</run_address>
         <size>0x16c</size>
         <input_file_ref idref="fl-2"/>
      </object_component>
      <object_component id="oc-112">
         <name>.debug_info</name>
         <load_address>0x3f25</load_address>
         <run_address>0x3f25</run_address>
         <size>0x506</size>
         <input_file_ref idref="fl-2"/>
      </object_component>
      <object_component id="oc-117">
         <name>.debug_info</name>
         <load_address>0x442b</load_address>
         <run_address>0x442b</run_address>
         <size>0x1b6</size>
         <input_file_ref idref="fl-14b"/>
      </object_component>
      <object_component id="oc-11d">
         <name>.debug_info</name>
         <load_address>0x45e1</load_address>
         <run_address>0x45e1</run_address>
         <size>0x1e2</size>
         <input_file_ref idref="fl-14b"/>
      </object_component>
      <object_component id="oc-124">
         <name>.debug_info</name>
         <load_address>0x47c3</load_address>
         <run_address>0x47c3</run_address>
         <size>0x273</size>
         <input_file_ref idref="fl-149"/>
      </object_component>
      <object_component id="oc-12b">
         <name>.debug_info</name>
         <load_address>0x4a36</load_address>
         <run_address>0x4a36</run_address>
         <size>0x205</size>
         <input_file_ref idref="fl-149"/>
      </object_component>
      <object_component id="oc-131">
         <name>.debug_info</name>
         <load_address>0x4c3b</load_address>
         <run_address>0x4c3b</run_address>
         <size>0x21e</size>
         <input_file_ref idref="fl-149"/>
      </object_component>
      <object_component id="oc-137">
         <name>.debug_info</name>
         <load_address>0x4e59</load_address>
         <run_address>0x4e59</run_address>
         <size>0x22b</size>
         <input_file_ref idref="fl-149"/>
      </object_component>
      <object_component id="oc-13d">
         <name>.debug_info</name>
         <load_address>0x5084</load_address>
         <run_address>0x5084</run_address>
         <size>0x229</size>
         <input_file_ref idref="fl-149"/>
      </object_component>
      <object_component id="oc-143">
         <name>.debug_info</name>
         <load_address>0x52ad</load_address>
         <run_address>0x52ad</run_address>
         <size>0x223</size>
         <input_file_ref idref="fl-149"/>
      </object_component>
      <object_component id="oc-149">
         <name>.debug_info</name>
         <load_address>0x54d0</load_address>
         <run_address>0x54d0</run_address>
         <size>0x21f</size>
         <input_file_ref idref="fl-149"/>
      </object_component>
      <object_component id="oc-14f">
         <name>.debug_info</name>
         <load_address>0x56ef</load_address>
         <run_address>0x56ef</run_address>
         <size>0x24e</size>
         <input_file_ref idref="fl-149"/>
      </object_component>
      <object_component id="oc-155">
         <name>.debug_info</name>
         <load_address>0x593d</load_address>
         <run_address>0x593d</run_address>
         <size>0x244</size>
         <input_file_ref idref="fl-149"/>
      </object_component>
      <object_component id="oc-15b">
         <name>.debug_info</name>
         <load_address>0x5b81</load_address>
         <run_address>0x5b81</run_address>
         <size>0x22b</size>
         <input_file_ref idref="fl-149"/>
      </object_component>
      <object_component id="oc-161">
         <name>.debug_info</name>
         <load_address>0x5dac</load_address>
         <run_address>0x5dac</run_address>
         <size>0x291</size>
         <input_file_ref idref="fl-149"/>
      </object_component>
      <object_component id="oc-165">
         <name>.debug_info</name>
         <load_address>0x603d</load_address>
         <run_address>0x603d</run_address>
         <size>0x3f7</size>
         <input_file_ref idref="fl-149"/>
      </object_component>
      <object_component id="oc-168">
         <name>.debug_info</name>
         <load_address>0x6434</load_address>
         <run_address>0x6434</run_address>
         <size>0x4e6</size>
         <input_file_ref idref="fl-2"/>
      </object_component>
      <object_component id="oc-16e">
         <name>.debug_info</name>
         <load_address>0x691a</load_address>
         <run_address>0x691a</run_address>
         <size>0x149</size>
         <input_file_ref idref="fl-143"/>
      </object_component>
      <object_component id="oc-170">
         <name>.debug_info</name>
         <load_address>0x6a63</load_address>
         <run_address>0x6a63</run_address>
         <size>0x140</size>
         <input_file_ref idref="fl-2"/>
      </object_component>
      <object_component id="oc-176">
         <name>.debug_info</name>
         <load_address>0x6ba3</load_address>
         <run_address>0x6ba3</run_address>
         <size>0x148</size>
         <input_file_ref idref="fl-2"/>
      </object_component>
      <object_component id="oc-17d">
         <name>.debug_info</name>
         <load_address>0x6ceb</load_address>
         <run_address>0x6ceb</run_address>
         <size>0x13d</size>
         <input_file_ref idref="fl-2"/>
      </object_component>
      <object_component id="oc-184">
         <name>.debug_info</name>
         <load_address>0x6e28</load_address>
         <run_address>0x6e28</run_address>
         <size>0x2b4</size>
         <input_file_ref idref="fl-149"/>
      </object_component>
      <object_component id="oc-189">
         <name>.debug_info</name>
         <load_address>0x70dc</load_address>
         <run_address>0x70dc</run_address>
         <size>0x1a3</size>
         <input_file_ref idref="fl-2"/>
      </object_component>
      <object_component id="oc-18f">
         <name>.debug_info</name>
         <load_address>0x727f</load_address>
         <run_address>0x727f</run_address>
         <size>0x35c</size>
         <input_file_ref idref="fl-2"/>
      </object_component>
      <object_component id="oc-196">
         <name>.debug_info</name>
         <load_address>0x75db</load_address>
         <run_address>0x75db</run_address>
         <size>0x5e</size>
         <input_file_ref idref="fl-141"/>
      </object_component>
      <object_component id="oc-19e">
         <name>.debug_info</name>
         <load_address>0x7639</load_address>
         <run_address>0x7639</run_address>
         <size>0x1d5</size>
         <input_file_ref idref="fl-140"/>
      </object_component>
      <object_component id="oc-1a3">
         <name>.debug_info</name>
         <load_address>0x780e</load_address>
         <run_address>0x780e</run_address>
         <size>0xda</size>
         <input_file_ref idref="fl-140"/>
      </object_component>
      <object_component id="oc-1a7">
         <name>.debug_info</name>
         <load_address>0x78e8</load_address>
         <run_address>0x78e8</run_address>
         <size>0x142</size>
         <input_file_ref idref="fl-138"/>
      </object_component>
      <object_component id="oc-1ad">
         <name>.debug_info</name>
         <load_address>0x7a2a</load_address>
         <run_address>0x7a2a</run_address>
         <size>0x205</size>
         <input_file_ref idref="fl-145"/>
      </object_component>
      <object_component id="oc-1b3">
         <name>.debug_info</name>
         <load_address>0x7c2f</load_address>
         <run_address>0x7c2f</run_address>
         <size>0x1ce</size>
         <input_file_ref idref="fl-145"/>
      </object_component>
      <object_component id="oc-1b9">
         <name>.debug_info</name>
         <load_address>0x7dfd</load_address>
         <run_address>0x7dfd</run_address>
         <size>0x1ce</size>
         <input_file_ref idref="fl-145"/>
      </object_component>
      <object_component id="oc-1bf">
         <name>.debug_info</name>
         <load_address>0x7fcb</load_address>
         <run_address>0x7fcb</run_address>
         <size>0x1cc</size>
         <input_file_ref idref="fl-145"/>
      </object_component>
      <object_component id="oc-1c5">
         <name>.debug_info</name>
         <load_address>0x8197</load_address>
         <run_address>0x8197</run_address>
         <size>0x89</size>
         <input_file_ref idref="fl-148"/>
      </object_component>
      <object_component id="oc-1cc">
         <name>.debug_info</name>
         <load_address>0x8220</load_address>
         <run_address>0x8220</run_address>
         <size>0x4e6</size>
         <input_file_ref idref="fl-148"/>
      </object_component>
      <object_component id="oc-1d1">
         <name>.debug_info</name>
         <load_address>0x8706</load_address>
         <run_address>0x8706</run_address>
         <size>0x108</size>
         <input_file_ref idref="fl-148"/>
      </object_component>
      <object_component id="oc-1d6">
         <name>.debug_info</name>
         <load_address>0x880e</load_address>
         <run_address>0x880e</run_address>
         <size>0x16c</size>
         <input_file_ref idref="fl-148"/>
      </object_component>
      <object_component id="oc-1db">
         <name>.debug_info</name>
         <load_address>0x897a</load_address>
         <run_address>0x897a</run_address>
         <size>0x108</size>
         <input_file_ref idref="fl-2"/>
      </object_component>
      <object_component id="oc-1e3">
         <name>.debug_info</name>
         <load_address>0x8a82</load_address>
         <run_address>0x8a82</run_address>
         <size>0x1d8</size>
         <input_file_ref idref="fl-14b"/>
      </object_component>
      <object_component id="oc-1e7">
         <name>.debug_info</name>
         <load_address>0x8c5a</load_address>
         <run_address>0x8c5a</run_address>
         <size>0x1b8</size>
         <input_file_ref idref="fl-14b"/>
      </object_component>
      <object_component id="oc-1f1">
         <name>.debug_info</name>
         <load_address>0x8e12</load_address>
         <run_address>0x8e12</run_address>
         <size>0x232</size>
         <input_file_ref idref="fl-14b"/>
      </object_component>
      <object_component id="oc-1f9">
         <name>.debug_info</name>
         <load_address>0x9044</load_address>
         <run_address>0x9044</run_address>
         <size>0x1e2</size>
         <input_file_ref idref="fl-14b"/>
      </object_component>
      <object_component id="oc-204">
         <name>.debug_info</name>
         <load_address>0x9226</load_address>
         <run_address>0x9226</run_address>
         <size>0x90</size>
         <input_file_ref idref="fl-149"/>
      </object_component>
      <object_component id="oc-209">
         <name>.debug_info</name>
         <load_address>0x92b6</load_address>
         <run_address>0x92b6</run_address>
         <size>0x4e6</size>
         <input_file_ref idref="fl-149"/>
      </object_component>
      <object_component id="oc-210">
         <name>.debug_info</name>
         <load_address>0x979c</load_address>
         <run_address>0x979c</run_address>
         <size>0xcd</size>
         <input_file_ref idref="fl-143"/>
      </object_component>
      <object_component id="oc-216">
         <name>.debug_info</name>
         <load_address>0x9869</load_address>
         <run_address>0x9869</run_address>
         <size>0x1e3</size>
         <input_file_ref idref="fl-146"/>
      </object_component>
      <object_component id="oc-21d">
         <name>.debug_info</name>
         <load_address>0x9a4c</load_address>
         <run_address>0x9a4c</run_address>
         <size>0x1f3</size>
         <input_file_ref idref="fl-146"/>
      </object_component>
      <object_component id="oc-225">
         <name>.debug_info</name>
         <load_address>0x9c3f</load_address>
         <run_address>0x9c3f</run_address>
         <size>0x24c</size>
         <input_file_ref idref="fl-14b"/>
      </object_component>
      <object_component id="oc-22b">
         <name>.debug_info</name>
         <load_address>0x9e8b</load_address>
         <run_address>0x9e8b</run_address>
         <size>0x1fe</size>
         <input_file_ref idref="fl-14b"/>
      </object_component>
      <object_component id="oc-232">
         <name>.debug_info</name>
         <load_address>0xa089</load_address>
         <run_address>0xa089</run_address>
         <size>0x298</size>
         <input_file_ref idref="fl-148"/>
      </object_component>
      <object_component id="oc-239">
         <name>.debug_info</name>
         <load_address>0xa321</load_address>
         <run_address>0xa321</run_address>
         <size>0x163</size>
         <input_file_ref idref="fl-2"/>
      </object_component>
      <object_component id="oc-23e">
         <name>.debug_info</name>
         <load_address>0xa484</load_address>
         <run_address>0xa484</run_address>
         <size>0x29e</size>
         <input_file_ref idref="fl-148"/>
      </object_component>
      <object_component id="oc-246">
         <name>.debug_info</name>
         <load_address>0xa722</load_address>
         <run_address>0xa722</run_address>
         <size>0x1ab</size>
         <input_file_ref idref="fl-2"/>
      </object_component>
      <object_component id="oc-24c">
         <name>.debug_info</name>
         <load_address>0xa8cd</load_address>
         <run_address>0xa8cd</run_address>
         <size>0xde</size>
         <input_file_ref idref="fl-13b"/>
      </object_component>
      <object_component id="oc-250">
         <name>.debug_info</name>
         <load_address>0xa9ab</load_address>
         <run_address>0xa9ab</run_address>
         <size>0xec</size>
         <input_file_ref idref="fl-139"/>
      </object_component>
      <object_component id="oc-256">
         <name>.debug_info</name>
         <load_address>0xaa97</load_address>
         <run_address>0xaa97</run_address>
         <size>0xe7</size>
         <input_file_ref idref="fl-13a"/>
      </object_component>
      <object_component id="oc-25a">
         <name>.debug_info</name>
         <load_address>0xab7e</load_address>
         <run_address>0xab7e</run_address>
         <size>0x29d</size>
         <input_file_ref idref="fl-148"/>
      </object_component>
      <object_component id="oc-266">
         <name>.debug_info</name>
         <load_address>0xae1b</load_address>
         <run_address>0xae1b</run_address>
         <size>0x1c2</size>
         <input_file_ref idref="fl-145"/>
      </object_component>
      <object_component id="oc-269">
         <name>.debug_info</name>
         <load_address>0xafdd</load_address>
         <run_address>0xafdd</run_address>
         <size>0x1ba</size>
         <input_file_ref idref="fl-145"/>
      </object_component>
      <object_component id="oc-273">
         <name>.debug_info</name>
         <load_address>0xb197</load_address>
         <run_address>0xb197</run_address>
         <size>0x217</size>
         <input_file_ref idref="fl-146"/>
      </object_component>
      <object_component id="oc-279">
         <name>.debug_info</name>
         <load_address>0xb3ae</load_address>
         <run_address>0xb3ae</run_address>
         <size>0x312</size>
         <input_file_ref idref="fl-146"/>
      </object_component>
      <object_component id="oc-281">
         <name>.debug_info</name>
         <load_address>0xb6c0</load_address>
         <run_address>0xb6c0</run_address>
         <size>0x1b2</size>
         <input_file_ref idref="fl-14b"/>
      </object_component>
      <object_component id="oc-28b">
         <name>.debug_info</name>
         <load_address>0xb872</load_address>
         <run_address>0xb872</run_address>
         <size>0x149</size>
         <input_file_ref idref="fl-2"/>
      </object_component>
      <object_component id="oc-294">
         <name>.debug_info</name>
         <load_address>0xb9bb</load_address>
         <run_address>0xb9bb</run_address>
         <size>0x308</size>
         <input_file_ref idref="fl-149"/>
      </object_component>
      <object_component id="oc-29f">
         <name>.debug_info</name>
         <load_address>0xbcc3</load_address>
         <run_address>0xbcc3</run_address>
         <size>0x2ec</size>
         <input_file_ref idref="fl-149"/>
      </object_component>
      <object_component id="oc-2ae">
         <name>.debug_info</name>
         <load_address>0xbfaf</load_address>
         <run_address>0xbfaf</run_address>
         <size>0x256</size>
         <input_file_ref idref="fl-149"/>
      </object_component>
      <object_component id="oc-2b5">
         <name>.debug_info</name>
         <load_address>0xc205</load_address>
         <run_address>0xc205</run_address>
         <size>0x22a</size>
         <input_file_ref idref="fl-149"/>
      </object_component>
      <object_component id="oc-2bd">
         <name>.debug_info</name>
         <load_address>0xc42f</load_address>
         <run_address>0xc42f</run_address>
         <size>0x206</size>
         <input_file_ref idref="fl-149"/>
      </object_component>
      <object_component id="oc-2e4">
         <name>.debug_info</name>
         <load_address>0xc635</load_address>
         <run_address>0xc635</run_address>
         <size>0xa9</size>
      </object_component>
      <object_component id="oc-10">
         <name>.debug_pubnames</name>
         <load_address>0x0</load_address>
         <run_address>0x0</run_address>
         <size>0x23</size>
         <input_file_ref idref="fl-3"/>
      </object_component>
      <object_component id="oc-15">
         <name>.debug_pubnames</name>
         <load_address>0x23</load_address>
         <run_address>0x23</run_address>
         <size>0x1f</size>
         <input_file_ref idref="fl-134"/>
      </object_component>
      <object_component id="oc-1b">
         <name>.debug_pubnames</name>
         <load_address>0x42</load_address>
         <run_address>0x42</run_address>
         <size>0x2b</size>
         <input_file_ref idref="fl-135"/>
      </object_component>
      <object_component id="oc-1f">
         <name>.debug_pubnames</name>
         <load_address>0x6d</load_address>
         <run_address>0x6d</run_address>
         <size>0x25</size>
         <input_file_ref idref="fl-137"/>
      </object_component>
      <object_component id="oc-25">
         <name>.debug_pubnames</name>
         <load_address>0x92</load_address>
         <run_address>0x92</run_address>
         <size>0x2c</size>
         <input_file_ref idref="fl-136"/>
      </object_component>
      <object_component id="oc-2c">
         <name>.debug_pubnames</name>
         <load_address>0xbe</load_address>
         <run_address>0xbe</run_address>
         <size>0x1f</size>
         <input_file_ref idref="fl-3"/>
      </object_component>
      <object_component id="oc-33">
         <name>.debug_pubnames</name>
         <load_address>0xdd</load_address>
         <run_address>0xdd</run_address>
         <size>0x1c</size>
         <input_file_ref idref="fl-3"/>
      </object_component>
      <object_component id="oc-39">
         <name>.debug_pubnames</name>
         <load_address>0xf9</load_address>
         <run_address>0xf9</run_address>
         <size>0x1f</size>
         <input_file_ref idref="fl-3"/>
      </object_component>
      <object_component id="oc-3f">
         <name>.debug_pubnames</name>
         <load_address>0x118</load_address>
         <run_address>0x118</run_address>
         <size>0x28</size>
         <input_file_ref idref="fl-3"/>
      </object_component>
      <object_component id="oc-44">
         <name>.debug_pubnames</name>
         <load_address>0x140</load_address>
         <run_address>0x140</run_address>
         <size>0x1f</size>
         <input_file_ref idref="fl-2"/>
      </object_component>
      <object_component id="oc-4b">
         <name>.debug_pubnames</name>
         <load_address>0x15f</load_address>
         <run_address>0x15f</run_address>
         <size>0x2b</size>
         <input_file_ref idref="fl-2"/>
      </object_component>
      <object_component id="oc-52">
         <name>.debug_pubnames</name>
         <load_address>0x18a</load_address>
         <run_address>0x18a</run_address>
         <size>0x37</size>
         <input_file_ref idref="fl-142"/>
      </object_component>
      <object_component id="oc-58">
         <name>.debug_pubnames</name>
         <load_address>0x1c1</load_address>
         <run_address>0x1c1</run_address>
         <size>0x21</size>
         <input_file_ref idref="fl-141"/>
      </object_component>
      <object_component id="oc-5e">
         <name>.debug_pubnames</name>
         <load_address>0x1e2</load_address>
         <run_address>0x1e2</run_address>
         <size>0x35</size>
         <input_file_ref idref="fl-138"/>
      </object_component>
      <object_component id="oc-63">
         <name>.debug_pubnames</name>
         <load_address>0x217</load_address>
         <run_address>0x217</run_address>
         <size>0x23</size>
         <input_file_ref idref="fl-13e"/>
      </object_component>
      <object_component id="oc-69">
         <name>.debug_pubnames</name>
         <load_address>0x23a</load_address>
         <run_address>0x23a</run_address>
         <size>0x1d</size>
         <input_file_ref idref="fl-13d"/>
      </object_component>
      <object_component id="oc-7b">
         <name>.debug_pubnames</name>
         <load_address>0x257</load_address>
         <run_address>0x257</run_address>
         <size>0x2f</size>
         <input_file_ref idref="fl-136"/>
      </object_component>
      <object_component id="oc-8b">
         <name>.debug_pubnames</name>
         <load_address>0x286</load_address>
         <run_address>0x286</run_address>
         <size>0x24</size>
         <input_file_ref idref="fl-146"/>
      </object_component>
      <object_component id="oc-92">
         <name>.debug_pubnames</name>
         <load_address>0x2aa</load_address>
         <run_address>0x2aa</run_address>
         <size>0x23</size>
         <input_file_ref idref="fl-146"/>
      </object_component>
      <object_component id="oc-98">
         <name>.debug_pubnames</name>
         <load_address>0x2cd</load_address>
         <run_address>0x2cd</run_address>
         <size>0x26</size>
         <input_file_ref idref="fl-148"/>
      </object_component>
      <object_component id="oc-9d">
         <name>.debug_pubnames</name>
         <load_address>0x2f3</load_address>
         <run_address>0x2f3</run_address>
         <size>0x25</size>
         <input_file_ref idref="fl-2"/>
      </object_component>
      <object_component id="oc-a0">
         <name>.debug_pubnames</name>
         <load_address>0x318</load_address>
         <run_address>0x318</run_address>
         <size>0x29</size>
         <input_file_ref idref="fl-2"/>
      </object_component>
      <object_component id="oc-ae">
         <name>.debug_pubnames</name>
         <load_address>0x341</load_address>
         <run_address>0x341</run_address>
         <size>0x25</size>
         <input_file_ref idref="fl-149"/>
      </object_component>
      <object_component id="oc-b2">
         <name>.debug_pubnames</name>
         <load_address>0x366</load_address>
         <run_address>0x366</run_address>
         <size>0x21</size>
         <input_file_ref idref="fl-2"/>
      </object_component>
      <object_component id="oc-c5">
         <name>.debug_pubnames</name>
         <load_address>0x387</load_address>
         <run_address>0x387</run_address>
         <size>0x1e</size>
         <input_file_ref idref="fl-143"/>
      </object_component>
      <object_component id="oc-cb">
         <name>.debug_pubnames</name>
         <load_address>0x3a5</load_address>
         <run_address>0x3a5</run_address>
         <size>0x1b</size>
         <input_file_ref idref="fl-2"/>
      </object_component>
      <object_component id="oc-d1">
         <name>.debug_pubnames</name>
         <load_address>0x3c0</load_address>
         <run_address>0x3c0</run_address>
         <size>0x28</size>
         <input_file_ref idref="fl-140"/>
      </object_component>
      <object_component id="oc-d4">
         <name>.debug_pubnames</name>
         <load_address>0x3e8</load_address>
         <run_address>0x3e8</run_address>
         <size>0x3a</size>
         <input_file_ref idref="fl-138"/>
      </object_component>
      <object_component id="oc-fa">
         <name>.debug_pubnames</name>
         <load_address>0x422</load_address>
         <run_address>0x422</run_address>
         <size>0x22</size>
         <input_file_ref idref="fl-149"/>
      </object_component>
      <object_component id="oc-100">
         <name>.debug_pubnames</name>
         <load_address>0x444</load_address>
         <run_address>0x444</run_address>
         <size>0x26</size>
         <input_file_ref idref="fl-148"/>
      </object_component>
      <object_component id="oc-113">
         <name>.debug_pubnames</name>
         <load_address>0x46a</load_address>
         <run_address>0x46a</run_address>
         <size>0x4f</size>
         <input_file_ref idref="fl-2"/>
      </object_component>
      <object_component id="oc-118">
         <name>.debug_pubnames</name>
         <load_address>0x4b9</load_address>
         <run_address>0x4b9</run_address>
         <size>0x28</size>
         <input_file_ref idref="fl-14b"/>
      </object_component>
      <object_component id="oc-11e">
         <name>.debug_pubnames</name>
         <load_address>0x4e1</load_address>
         <run_address>0x4e1</run_address>
         <size>0x27</size>
         <input_file_ref idref="fl-14b"/>
      </object_component>
      <object_component id="oc-125">
         <name>.debug_pubnames</name>
         <load_address>0x508</load_address>
         <run_address>0x508</run_address>
         <size>0x28</size>
         <input_file_ref idref="fl-149"/>
      </object_component>
      <object_component id="oc-12c">
         <name>.debug_pubnames</name>
         <load_address>0x530</load_address>
         <run_address>0x530</run_address>
         <size>0x28</size>
         <input_file_ref idref="fl-149"/>
      </object_component>
      <object_component id="oc-132">
         <name>.debug_pubnames</name>
         <load_address>0x558</load_address>
         <run_address>0x558</run_address>
         <size>0x29</size>
         <input_file_ref idref="fl-149"/>
      </object_component>
      <object_component id="oc-138">
         <name>.debug_pubnames</name>
         <load_address>0x581</load_address>
         <run_address>0x581</run_address>
         <size>0x29</size>
         <input_file_ref idref="fl-149"/>
      </object_component>
      <object_component id="oc-13e">
         <name>.debug_pubnames</name>
         <load_address>0x5aa</load_address>
         <run_address>0x5aa</run_address>
         <size>0x28</size>
         <input_file_ref idref="fl-149"/>
      </object_component>
      <object_component id="oc-144">
         <name>.debug_pubnames</name>
         <load_address>0x5d2</load_address>
         <run_address>0x5d2</run_address>
         <size>0x29</size>
         <input_file_ref idref="fl-149"/>
      </object_component>
      <object_component id="oc-14a">
         <name>.debug_pubnames</name>
         <load_address>0x5fb</load_address>
         <run_address>0x5fb</run_address>
         <size>0x27</size>
         <input_file_ref idref="fl-149"/>
      </object_component>
      <object_component id="oc-150">
         <name>.debug_pubnames</name>
         <load_address>0x622</load_address>
         <run_address>0x622</run_address>
         <size>0x2a</size>
         <input_file_ref idref="fl-149"/>
      </object_component>
      <object_component id="oc-156">
         <name>.debug_pubnames</name>
         <load_address>0x64c</load_address>
         <run_address>0x64c</run_address>
         <size>0x2a</size>
         <input_file_ref idref="fl-149"/>
      </object_component>
      <object_component id="oc-15c">
         <name>.debug_pubnames</name>
         <load_address>0x676</load_address>
         <run_address>0x676</run_address>
         <size>0x29</size>
         <input_file_ref idref="fl-149"/>
      </object_component>
      <object_component id="oc-162">
         <name>.debug_pubnames</name>
         <load_address>0x69f</load_address>
         <run_address>0x69f</run_address>
         <size>0x24</size>
         <input_file_ref idref="fl-149"/>
      </object_component>
      <object_component id="oc-171">
         <name>.debug_pubnames</name>
         <load_address>0x6c3</load_address>
         <run_address>0x6c3</run_address>
         <size>0x23</size>
         <input_file_ref idref="fl-2"/>
      </object_component>
      <object_component id="oc-177">
         <name>.debug_pubnames</name>
         <load_address>0x6e6</load_address>
         <run_address>0x6e6</run_address>
         <size>0x30</size>
         <input_file_ref idref="fl-2"/>
      </object_component>
      <object_component id="oc-17e">
         <name>.debug_pubnames</name>
         <load_address>0x716</load_address>
         <run_address>0x716</run_address>
         <size>0x31</size>
         <input_file_ref idref="fl-2"/>
      </object_component>
      <object_component id="oc-185">
         <name>.debug_pubnames</name>
         <load_address>0x747</load_address>
         <run_address>0x747</run_address>
         <size>0x1f</size>
         <input_file_ref idref="fl-149"/>
      </object_component>
      <object_component id="oc-18a">
         <name>.debug_pubnames</name>
         <load_address>0x766</load_address>
         <run_address>0x766</run_address>
         <size>0x28</size>
         <input_file_ref idref="fl-2"/>
      </object_component>
      <object_component id="oc-190">
         <name>.debug_pubnames</name>
         <load_address>0x78e</load_address>
         <run_address>0x78e</run_address>
         <size>0x2b</size>
         <input_file_ref idref="fl-2"/>
      </object_component>
      <object_component id="oc-19f">
         <name>.debug_pubnames</name>
         <load_address>0x7b9</load_address>
         <run_address>0x7b9</run_address>
         <size>0x43</size>
         <input_file_ref idref="fl-140"/>
      </object_component>
      <object_component id="oc-1ae">
         <name>.debug_pubnames</name>
         <load_address>0x7fc</load_address>
         <run_address>0x7fc</run_address>
         <size>0x23</size>
         <input_file_ref idref="fl-145"/>
      </object_component>
      <object_component id="oc-1b4">
         <name>.debug_pubnames</name>
         <load_address>0x81f</load_address>
         <run_address>0x81f</run_address>
         <size>0x21</size>
         <input_file_ref idref="fl-145"/>
      </object_component>
      <object_component id="oc-1ba">
         <name>.debug_pubnames</name>
         <load_address>0x840</load_address>
         <run_address>0x840</run_address>
         <size>0x21</size>
         <input_file_ref idref="fl-145"/>
      </object_component>
      <object_component id="oc-1c0">
         <name>.debug_pubnames</name>
         <load_address>0x861</load_address>
         <run_address>0x861</run_address>
         <size>0x20</size>
         <input_file_ref idref="fl-145"/>
      </object_component>
      <object_component id="oc-1e8">
         <name>.debug_pubnames</name>
         <load_address>0x881</load_address>
         <run_address>0x881</run_address>
         <size>0x27</size>
         <input_file_ref idref="fl-14b"/>
      </object_component>
      <object_component id="oc-1f2">
         <name>.debug_pubnames</name>
         <load_address>0x8a8</load_address>
         <run_address>0x8a8</run_address>
         <size>0x2c</size>
         <input_file_ref idref="fl-14b"/>
      </object_component>
      <object_component id="oc-1fa">
         <name>.debug_pubnames</name>
         <load_address>0x8d4</load_address>
         <run_address>0x8d4</run_address>
         <size>0x27</size>
         <input_file_ref idref="fl-14b"/>
      </object_component>
      <object_component id="oc-217">
         <name>.debug_pubnames</name>
         <load_address>0x8fb</load_address>
         <run_address>0x8fb</run_address>
         <size>0x28</size>
         <input_file_ref idref="fl-146"/>
      </object_component>
      <object_component id="oc-21f">
         <name>.debug_pubnames</name>
         <load_address>0x923</load_address>
         <run_address>0x923</run_address>
         <size>0x24</size>
         <input_file_ref idref="fl-146"/>
      </object_component>
      <object_component id="oc-226">
         <name>.debug_pubnames</name>
         <load_address>0x947</load_address>
         <run_address>0x947</run_address>
         <size>0x2a</size>
         <input_file_ref idref="fl-14b"/>
      </object_component>
      <object_component id="oc-22c">
         <name>.debug_pubnames</name>
         <load_address>0x971</load_address>
         <run_address>0x971</run_address>
         <size>0x2b</size>
         <input_file_ref idref="fl-14b"/>
      </object_component>
      <object_component id="oc-233">
         <name>.debug_pubnames</name>
         <load_address>0x99c</load_address>
         <run_address>0x99c</run_address>
         <size>0x22</size>
         <input_file_ref idref="fl-148"/>
      </object_component>
      <object_component id="oc-23a">
         <name>.debug_pubnames</name>
         <load_address>0x9be</load_address>
         <run_address>0x9be</run_address>
         <size>0x28</size>
         <input_file_ref idref="fl-2"/>
      </object_component>
      <object_component id="oc-23f">
         <name>.debug_pubnames</name>
         <load_address>0x9e6</load_address>
         <run_address>0x9e6</run_address>
         <size>0x2d</size>
         <input_file_ref idref="fl-148"/>
      </object_component>
      <object_component id="oc-247">
         <name>.debug_pubnames</name>
         <load_address>0xa13</load_address>
         <run_address>0xa13</run_address>
         <size>0x2c</size>
         <input_file_ref idref="fl-2"/>
      </object_component>
      <object_component id="oc-24d">
         <name>.debug_pubnames</name>
         <load_address>0xa3f</load_address>
         <run_address>0xa3f</run_address>
         <size>0x22</size>
         <input_file_ref idref="fl-13b"/>
      </object_component>
      <object_component id="oc-251">
         <name>.debug_pubnames</name>
         <load_address>0xa61</load_address>
         <run_address>0xa61</run_address>
         <size>0x23</size>
         <input_file_ref idref="fl-139"/>
      </object_component>
      <object_component id="oc-257">
         <name>.debug_pubnames</name>
         <load_address>0xa84</load_address>
         <run_address>0xa84</run_address>
         <size>0x22</size>
         <input_file_ref idref="fl-13a"/>
      </object_component>
      <object_component id="oc-25b">
         <name>.debug_pubnames</name>
         <load_address>0xaa6</load_address>
         <run_address>0xaa6</run_address>
         <size>0x23</size>
         <input_file_ref idref="fl-148"/>
      </object_component>
      <object_component id="oc-267">
         <name>.debug_pubnames</name>
         <load_address>0xac9</load_address>
         <run_address>0xac9</run_address>
         <size>0x77</size>
         <input_file_ref idref="fl-145"/>
      </object_component>
      <object_component id="oc-275">
         <name>.debug_pubnames</name>
         <load_address>0xb40</load_address>
         <run_address>0xb40</run_address>
         <size>0x25</size>
         <input_file_ref idref="fl-146"/>
      </object_component>
      <object_component id="oc-27b">
         <name>.debug_pubnames</name>
         <load_address>0xb65</load_address>
         <run_address>0xb65</run_address>
         <size>0x27</size>
         <input_file_ref idref="fl-146"/>
      </object_component>
      <object_component id="oc-282">
         <name>.debug_pubnames</name>
         <load_address>0xb8c</load_address>
         <run_address>0xb8c</run_address>
         <size>0x26</size>
         <input_file_ref idref="fl-14b"/>
      </object_component>
      <object_component id="oc-28c">
         <name>.debug_pubnames</name>
         <load_address>0xbb2</load_address>
         <run_address>0xbb2</run_address>
         <size>0x2d</size>
         <input_file_ref idref="fl-2"/>
      </object_component>
      <object_component id="oc-295">
         <name>.debug_pubnames</name>
         <load_address>0xbdf</load_address>
         <run_address>0xbdf</run_address>
         <size>0x2b</size>
         <input_file_ref idref="fl-149"/>
      </object_component>
      <object_component id="oc-2a0">
         <name>.debug_pubnames</name>
         <load_address>0xc0a</load_address>
         <run_address>0xc0a</run_address>
         <size>0x21</size>
         <input_file_ref idref="fl-149"/>
      </object_component>
      <object_component id="oc-2af">
         <name>.debug_pubnames</name>
         <load_address>0xc2b</load_address>
         <run_address>0xc2b</run_address>
         <size>0x33</size>
         <input_file_ref idref="fl-149"/>
      </object_component>
      <object_component id="oc-2b6">
         <name>.debug_pubnames</name>
         <load_address>0xc5e</load_address>
         <run_address>0xc5e</run_address>
         <size>0x29</size>
         <input_file_ref idref="fl-149"/>
      </object_component>
      <object_component id="oc-2be">
         <name>.debug_pubnames</name>
         <load_address>0xc87</load_address>
         <run_address>0xc87</run_address>
         <size>0x29</size>
         <input_file_ref idref="fl-149"/>
      </object_component>
      <object_component id="oc-12">
         <name>.debug_aranges</name>
         <load_address>0x0</load_address>
         <run_address>0x0</run_address>
         <size>0x20</size>
         <input_file_ref idref="fl-134"/>
      </object_component>
      <object_component id="oc-1a">
         <name>.debug_aranges</name>
         <load_address>0x20</load_address>
         <run_address>0x20</run_address>
         <size>0x20</size>
         <input_file_ref idref="fl-135"/>
      </object_component>
      <object_component id="oc-1d">
         <name>.debug_aranges</name>
         <load_address>0x40</load_address>
[...]
            <object_component_ref idref="oc-b7"/>
            <object_component_ref idref="oc-bc"/>
            <object_component_ref idref="oc-da"/>
            <object_component_ref idref="oc-e1"/>
            <object_component_ref idref="oc-ec"/>
            <object_component_ref idref="oc-f1"/>
            <object_component_ref idref="oc-105"/>
            <object_component_ref idref="oc-10d"/>
            <object_component_ref idref="oc-169"/>
            <object_component_ref idref="oc-197"/>
            <object_component_ref idref="oc-1a4"/>
            <object_component_ref idref="oc-1a8"/>
            <object_component_ref idref="oc-1c6"/>
            <object_component_ref idref="oc-1cd"/>
            <object_component_ref idref="oc-1d2"/>
            <object_component_ref idref="oc-1d7"/>
            <object_component_ref idref="oc-1dc"/>
            <object_component_ref idref="oc-205"/>
            <object_component_ref idref="oc-20a"/>
            <object_component_ref idref="oc-211"/>
         </contents>
      </logical_group>
      <logical_group id="lg-2dd" display="never" color="cyan">
         <name>.debug_str</name>
         <load_address>0x0</load_address>
         <run_address>0x0</run_address>
         <size>0x1d5a</size>
         <contents>
            <object_component_ref idref="oc-6f"/>
            <object_component_ref idref="oc-76"/>
            <object_component_ref idref="oc-84"/>
            <object_component_ref idref="oc-a9"/>
            <object_component_ref idref="oc-ba"/>
            <object_component_ref idref="oc-bf"/>
            <object_component_ref idref="oc-dd"/>
            <object_component_ref idref="oc-e4"/>
            <object_component_ref idref="oc-ef"/>
            <object_component_ref idref="oc-f4"/>
            <object_component_ref idref="oc-108"/>
            <object_component_ref idref="oc-110"/>
            <object_component_ref idref="oc-16c"/>
            <object_component_ref idref="oc-19a"/>
            <object_component_ref idref="oc-1c9"/>
            <object_component_ref idref="oc-1d0"/>
            <object_component_ref idref="oc-1d5"/>
            <object_component_ref idref="oc-1da"/>
            <object_component_ref idref="oc-1df"/>
            <object_component_ref idref="oc-208"/>
            <object_component_ref idref="oc-20d"/>
            <object_component_ref idref="oc-214"/>
         </contents>
      </logical_group>
      <load_segment id="lg-2e8" display="no" color="cyan">
         <name>SEGMENT_0</name>
         <load_address>0x0</load_address>
         <run_address>0x0</run_address>
         <size>0x1748</size>
         <flags>0x5</flags>
         <contents>
            <logical_group_ref idref="lg-3"/>
            <logical_group_ref idref="lg-4"/>
            <logical_group_ref idref="lg-5"/>
            <logical_group_ref idref="lg-6"/>
         </contents>
      </load_segment>
      <load_segment id="lg-2e9" display="no" color="cyan">
         <name>SEGMENT_1</name>
         <run_address>0x20000000</run_address>
         <size>0x5ac</size>
         <flags>0x6</flags>
         <contents>
            <logical_group_ref idref="lg-d"/>
            <logical_group_ref idref="lg-b"/>
            <logical_group_ref idref="lg-a"/>
         </contents>
      </load_segment>
   </logical_group_list>
   <placement_map>
      <memory_area display="yes" color="green">
         <name>FLASH</name>
         <page_id>0x0</page_id>
         <origin>0x0</origin>
         <length>0x40000</length>
         <used_space>0x1746</used_space>
         <unused_space>0x3e8ba</unused_space>
         <attributes>RX</attributes>
         <usage_details>
            <allocated_space>
               <start_address>0x0</start_address>
               <size>0x26c</size>
               <logical_group_ref idref="lg-3"/>
            </allocated_space>
            <allocated_space>
               <start_address>0x26c</start_address>
               <size>0x1432</size>
               <logical_group_ref idref="lg-4"/>
            </allocated_space>
            <available_space>
               <start_address>0x169e</start_address>
               <size>0x2</size>
            </available_space>
            <allocated_space>
               <start_address>0x16a0</start_address>
               <size>0x70</size>
               <logical_group_ref idref="lg-5"/>
            </allocated_space>
            <allocated_space>
               <start_address>0x1710</start_address>
               <size>0x38</size>
               <logical_group_ref idref="lg-6"/>
            </allocated_space>
            <available_space>
               <start_address>0x1748</start_address>
               <size>0x3e8b8</size>
            </available_space>
         </usage_details>
      </memory_area>
      <memory_area display="yes" color="green">
         <name>SRAM</name>
         <page_id>0x0</page_id>
         <origin>0x20000000</origin>
         <length>0x8000</length>
         <used_space>0x5ac</used_space>
         <unused_space>0x7a54</unused_space>
         <attributes>RWX</attributes>
         <usage_details>
            <allocated_space>
               <start_address>0x20000000</start_address>
               <size>0x400</size>
               <logical_group_ref idref="lg-d"/>
            </allocated_space>
            <allocated_space>
               <start_address>0x20000400</start_address>
               <size>0x198</size>
               <logical_group_ref idref="lg-b"/>
            </allocated_space>
            <allocated_space>
               <start_address>0x20000598</start_address>
               <size>0x14</size>
               <logical_group_ref idref="lg-a"/>
            </allocated_space>
            <available_space>
               <start_address>0x200005ac</start_address>
               <size>0x7a54</size>
            </available_space>
         </usage_details>
      </memory_area>
   </placement_map>
   <cptbl_list>
      <cptbl>
         <name>__TI_cinit_table</name>
         <cprec>
            <name>.data</name>
            <load_address>0x1710</load_address>
            <load_size>0xf</load_size>
            <run_address>0x20000598</run_address>
            <run_size>0x14</run_size>
            <compression>rle</compression>
         </cprec>
         <cprec>
            <name>.bss</name>
            <load_address>0x1730</load_address>
            <load_size>0x8</load_size>
            <run_address>0x20000400</run_address>
            <run_size>0x198</run_size>
            <compression>zero_init</compression>
         </cprec>
      </cptbl>
   </cptbl_list>
   <handler_table>
      <handler_table_name>__TI_handler_table</handler_table_name>
      <handler>
         <index>0x0</index>
         <name>__TI_decompress_rle24</name>
      </handler>
      <handler>
         <index>0x1</index>
         <name>__TI_decompress_none</name>
      </handler>
      <handler>
         <index>0x2</index>
         <name>__TI_zero_init</name>
      </handler>
   </handler_table>
   <symbol_table>
      <symbol id="sm-1">
         <name>__STACK_TOP</name>
         <value>0x20000400</value>
      </symbol>
      <symbol id="sm-2">
         <name>__TI_CINIT_Base</name>
         <value>0x1738</value>
      </symbol>
      <symbol id="sm-3">
         <name>__TI_CINIT_Limit</name>
         <value>0x1748</value>
      </symbol>
      <symbol id="sm-4">
         <name>__TI_Handler_Table_Base</name>
         <value>0x1720</value>
      </symbol>
      <symbol id="sm-5">
         <name>__TI_Handler_Table_Limit</name>
         <value>0x172c</value>
      </symbol>
      <symbol id="sm-6">
         <name>binit</name>
         <value>0xffffffff</value>
      </symbol>
      <symbol id="sm-7">
         <name>__binit__</name>
         <value>0xffffffff</value>
      </symbol>
      <symbol id="sm-8">
         <name>__STACK_SIZE</name>
         <value>0x400</value>
      </symbol>
      <symbol id="sm-9">
         <name>__STACK_END</name>
         <value>0x20000400</value>
      </symbol>
      <symbol id="sm-a">
         <name>__c_args__</name>
         <value>0xffffffff</value>
      </symbol>
      <symbol id="sm-d8">
         <name>g_vui8I2CDoneFlag</name>
         <value>0x20000594</value>
      </symbol>
      <symbol id="sm-d9">
         <name>g_vui8ErrorFlag</name>
         <value>0x20000590</value>
      </symbol>
      <symbol id="sm-da">
         <name>Mpu9150ModifyRegister</name>
         <value>0x14d5</value>
         <object_component_ref idref="oc-244"/>
      </symbol>
      <symbol id="sm-db">
         <name>SetMotionInterruptAt</name>
         <value>0x749</value>
         <object_component_ref idref="oc-18d"/>
      </symbol>
      <symbol id="sm-dc">
         <name>MPU9150AppCallback</name>
         <value>0x15b5</value>
         <object_component_ref idref="oc-9e"/>
      </symbol>
      <symbol id="sm-dd">
         <name>g_sI2CInst</name>
         <value>0x20000400</value>
         <object_component_ref idref="oc-b0"/>
      </symbol>
      <symbol id="sm-de">
         <name>ConfigureI2C</name>
         <value>0xf01</value>
         <object_component_ref idref="oc-16f"/>
      </symbol>
      <symbol id="sm-df">
         <name>MPU9150AppErrorHandler</name>
         <value>0x1253</value>
         <object_component_ref idref="oc-289"/>
      </symbol>
      <symbol id="sm-e0">
         <name>main</name>
         <value>0xc61</value>
         <object_component_ref idref="oc-c7"/>
      </symbol>
      <symbol id="sm-e1">
         <name>ConfigureMPU9150Interrupt</name>
         <value>0x1359</value>
         <object_component_ref idref="oc-175"/>
      </symbol>
      <symbol id="sm-e2">
         <name>InitializeMPU9150</name>
         <value>0xfb1</value>
         <object_component_ref idref="oc-187"/>
      </symbol>
      <symbol id="sm-e3">
         <name>g_sMPU9150Inst</name>
         <value>0x20000524</value>
         <object_component_ref idref="oc-9b"/>
      </symbol>
      <symbol id="sm-e4">
         <name>MPU9150AppI2CWait</name>
         <value>0x1555</value>
         <object_component_ref idref="oc-237"/>
      </symbol>
      <symbol id="sm-e5">
         <name>IntGPIOb</name>
         <value>0x1471</value>
         <object_component_ref idref="oc-41"/>
      </symbol>
      <symbol id="sm-e6">
         <name>MPU9150I2CIntHandler</name>
         <value>0x1651</value>
         <object_component_ref idref="oc-47"/>
      </symbol>
      <symbol id="sm-e7">
         <name>SetUpPeripheralsInterrupts</name>
         <value>0x13cd</value>
         <object_component_ref idref="oc-17b"/>
      </symbol>
      <symbol id="sm-11d">
         <name>ResetISR</name>
         <value>0x1685</value>
         <object_component_ref idref="oc-29"/>
      </symbol>
      <symbol id="sm-11e">
         <name>g_pfnVectors</name>
         <value>0x0</value>
         <object_component_ref idref="oc-e"/>
      </symbol>
      <symbol id="sm-130">
         <name>_c_int00</name>
         <value>0x1181</value>
         <object_component_ref idref="oc-11"/>
      </symbol>
      <symbol id="sm-131">
         <name>__stack</name>
         <value>0x20000000</value>
         <object_component_ref idref="oc-28"/>
      </symbol>
      <symbol id="sm-148">
         <name>__TI_decompress_none</name>
         <value>0x162b</value>
         <object_component_ref idref="oc-16"/>
      </symbol>
      <symbol id="sm-16c">
         <name>__TI_decompress_rle24</name>
         <value>0x168b</value>
         <object_component_ref idref="oc-22"/>
      </symbol>
      <symbol id="sm-185">
         <name>__TI_zero_init</name>
         <value>0x160b</value>
         <object_component_ref idref="oc-1c"/>
      </symbol>
      <symbol id="sm-1a4">
         <name>C$$EXIT</name>
         <value>0x1299</value>
         <object_component_ref idref="oc-5b"/>
      </symbol>
      <symbol id="sm-1a5">
         <name>abort</name>
         <value>0x129d</value>
         <object_component_ref idref="oc-5b"/>
      </symbol>
      <symbol id="sm-1a6">
         <name>exit</name>
         <value>0x12a5</value>
         <object_component_ref idref="oc-5b"/>
      </symbol>
      <symbol id="sm-1a7">
         <name>__TI_dtors_ptr</name>
         <value>0x200005a4</value>
         <object_component_ref idref="oc-d2"/>
      </symbol>
      <symbol id="sm-1a8">
         <name>__TI_cleanup_ptr</name>
         <value>0x200005a0</value>
         <object_component_ref idref="oc-d2"/>
      </symbol>
      <symbol id="sm-1bc">
         <name>__aeabi_ddiv</name>
         <value>0x3ed</value>
         <object_component_ref idref="oc-24f"/>
      </symbol>
      <symbol id="sm-1c6">
         <name>__aeabi_d2f</name>
         <value>0x10a7</value>
         <object_component_ref idref="oc-254"/>
      </symbol>
      <symbol id="sm-1d1">
         <name>__aeabi_f2d</name>
         <value>0x1405</value>
         <object_component_ref idref="oc-24a"/>
      </symbol>
      <symbol id="sm-1ed">
         <name>memcpy</name>
         <value>0x8d5</value>
         <object_component_ref idref="oc-65"/>
      </symbol>
      <symbol id="sm-1ee">
         <name>__aeabi_memcpy</name>
         <value>0x8d5</value>
         <object_component_ref idref="oc-65"/>
      </symbol>
      <symbol id="sm-1ef">
         <name>__aeabi_memcpy8</name>
         <value>0x8d5</value>
         <object_component_ref idref="oc-65"/>
      </symbol>
      <symbol id="sm-1f0">
         <name>__aeabi_memcpy4</name>
         <value>0x8d5</value>
         <object_component_ref idref="oc-65"/>
      </symbol>
      <symbol id="sm-1f8">
         <name>main_func_sp</name>
         <value>0x200005a8</value>
         <object_component_ref idref="oc-61"/>
      </symbol>
      <symbol id="sm-212">
         <name>_nop</name>
         <value>0x15f3</value>
         <object_component_ref idref="oc-19b"/>
      </symbol>
      <symbol id="sm-213">
         <name>_lock</name>
         <value>0x20000598</value>
         <object_component_ref idref="oc-cf"/>
      </symbol>
      <symbol id="sm-214">
         <name>_unlock</name>
         <value>0x2000059c</value>
         <object_component_ref idref="oc-cf"/>
      </symbol>
      <symbol id="sm-215">
         <name>_register_lock</name>
         <value>0x15eb</value>
         <object_component_ref idref="oc-19b"/>
      </symbol>
      <symbol id="sm-216">
         <name>_register_unlock</name>
         <value>0x15e5</value>
         <object_component_ref idref="oc-19b"/>
      </symbol>
      <symbol id="sm-22a">
         <name>_args_main</name>
         <value>0x15cd</value>
         <object_component_ref idref="oc-55"/>
      </symbol>
      <symbol id="sm-247">
         <name>__TI_auto_init</name>
         <value>0xa09</value>
         <object_component_ref idref="oc-50"/>
      </symbol>
      <symbol id="sm-260">
         <name>copy_in</name>
         <value>0x1255</value>
         <object_component_ref idref="oc-c0"/>
      </symbol>
      <symbol id="sm-2be">
         <name>IntIsEnabled</name>
         <value>0xbfd</value>
         <object_component_ref idref="oc-1ab"/>
      </symbol>
      <symbol id="sm-2bf">
         <name>IntEnable</name>
         <value>0xd85</value>
         <object_component_ref idref="oc-1bd"/>
      </symbol>
      <symbol id="sm-2c0">
         <name>IntTrigger</name>
         <value>0x1645</value>
         <object_component_ref idref="oc-1b7"/>
      </symbol>
      <symbol id="sm-2c1">
         <name>IntDisable</name>
         <value>0xd25</value>
         <object_component_ref idref="oc-1b1"/>
      </symbol>
      <symbol id="sm-2fe">
         <name>GPIOPinTypeI2CSCL</name>
         <value>0x15f9</value>
         <object_component_ref idref="oc-215"/>
      </symbol>
      <symbol id="sm-2ff">
         <name>GPIOIntEnable</name>
         <value>0x1639</value>
         <object_component_ref idref="oc-21c"/>
      </symbol>
      <symbol id="sm-300">
         <name>GPIOIntClear</name>
         <value>0x167f</value>
         <object_component_ref idref="oc-8f"/>
      </symbol>
      <symbol id="sm-301">
         <name>GPIOIntStatus</name>
         <value>0x161d</value>
         <object_component_ref idref="oc-89"/>
      </symbol>
      <symbol id="sm-302">
         <name>GPIODirModeSet</name>
         <value>0x1501</value>
         <object_component_ref idref="oc-272"/>
      </symbol>
      <symbol id="sm-303">
         <name>GPIOPadConfigSet</name>
         <value>0x523</value>
         <object_component_ref idref="oc-278"/>
      </symbol>
      <symbol id="sm-374">
         <name>MPU9150Write</name>
         <value>0x835</value>
         <object_component_ref idref="oc-259"/>
      </symbol>
      <symbol id="sm-375">
         <name>MPU9150Init</name>
         <value>0xb91</value>
         <object_component_ref idref="oc-231"/>
      </symbol>
      <symbol id="sm-376">
         <name>MPU9150DataRead</name>
         <value>0xde5</value>
         <object_component_ref idref="oc-95"/>
      </symbol>
      <symbol id="sm-377">
         <name>MPU9150ReadModifyWrite</name>
         <value>0x1005</value>
         <object_component_ref idref="oc-23d"/>
      </symbol>
      <symbol id="sm-482">
         <name>I2CMWrite8</name>
         <value>0xf59</value>
         <object_component_ref idref="oc-29d"/>
      </symbol>
      <symbol id="sm-483">
         <name>I2CMCommand</name>
         <value>0xa9d</value>
         <object_component_ref idref="oc-f7"/>
      </symbol>
      <symbol id="sm-484">
         <name>I2CMInit</name>
         <value>0x143d</value>
         <object_component_ref idref="oc-181"/>
      </symbol>
      <symbol id="sm-485">
         <name>I2CMReadModifyWrite8</name>
         <value>0xb21</value>
         <object_component_ref idref="oc-292"/>
      </symbol>
      <symbol id="sm-486">
         <name>I2CMTransferResume</name>
         <value>0x14a5</value>
         <object_component_ref idref="oc-2bb"/>
      </symbol>
      <symbol id="sm-487">
         <name>I2CMIntHandler</name>
         <value>0x655</value>
         <object_component_ref idref="oc-aa"/>
      </symbol>
      <symbol id="sm-4d1">
         <name>I2CMasterDataPut</name>
         <value>0x1699</value>
         <object_component_ref idref="oc-1f8"/>
      </symbol>
      <symbol id="sm-4d2">
         <name>I2CMasterInitExpClk</name>
         <value>0x1139</value>
         <object_component_ref idref="oc-224"/>
      </symbol>
      <symbol id="sm-4d3">
         <name>I2CMasterSlaveAddrSet</name>
         <value>0x1677</value>
         <object_component_ref idref="oc-1f0"/>
      </symbol>
      <symbol id="sm-4d4">
         <name>I2CMasterDataGet</name>
         <value>0x1695</value>
         <object_component_ref idref="oc-1e6"/>
      </symbol>
      <symbol id="sm-4d5">
         <name>I2CMasterIntEnableEx</name>
         <value>0x166f</value>
         <object_component_ref idref="oc-22a"/>
      </symbol>
      <symbol id="sm-4d6">
         <name>I2CMasterControl</name>
         <value>0x1691</value>
         <object_component_ref idref="oc-11c"/>
      </symbol>
      <symbol id="sm-4d7">
         <name>I2CMasterEnable</name>
         <value>0x165d</value>
         <object_component_ref idref="oc-280"/>
      </symbol>
      <symbol id="sm-4d8">
         <name>I2CMasterIntClear</name>
         <value>0x1667</value>
         <object_component_ref idref="oc-116"/>
      </symbol>
      <symbol id="sm-4d9">
         <name>__TI_static_base__</name>
         <value>0x1710</value>
      </symbol>
      <symbol id="sm-4da">
         <name>__TI_args_main</name>
         <value>0x1</value>
      </symbol>
      <symbol id="sm-4db">
         <name>SHT$$INIT_ARRAY$$Limit</name>
         <value>0x0</value>
      </symbol>
      <symbol id="sm-4dc">
         <name>SHT$$INIT_ARRAY$$Base</name>
         <value>0x0</value>
      </symbol>
   </symbol_table>
   <title>Link successful</title>
</link_info>
